[www.greenwellspringsfamilydentistry.com/index.html]
[backblue.gif]
[fade.gif]
[index.html]
[gp-assets-1.growthplug.com/website_files/4327/gwstransp.png]
[gp-st-assets-1.growthplug.com/static/CACHE/css/output.6198abad841f.css]
[growthplug-content.s3.amazonaws.com/website_files/4327/home.css]
[cdnjs.cloudflare.com/ajax/libs/animate.css/4.1.1/animate.min.css]
[gp-assets-1.growthplug.com/website_files/4327/gwstranspnew.png]
[www.greenwellspringsfamilydentistry.com/about-us/index.html]
[www.greenwellspringsfamilydentistry.com/meet-our-team/index.html]
[www.greenwellspringsfamilydentistry.com/our-office/index.html]
[www.greenwellspringsfamilydentistry.com/smile-gallery/index.html]
[www.greenwellspringsfamilydentistry.com/specialty/cosmetic-dentistry/index.html]
[www.greenwellspringsfamilydentistry.com/specialty/veneers/index.html]
[www.greenwellspringsfamilydentistry.com/specialty/whitening-for-life/index.html]
[www.greenwellspringsfamilydentistry.com/specialty/emergency-dentistry/index.html]
[www.greenwellspringsfamilydentistry.com/specialty/cracked-tooth-repair/index.html]
[www.greenwellspringsfamilydentistry.com/specialty/one-visit-root-canal-therapy/index.html]
[www.greenwellspringsfamilydentistry.com/specialty/root-canals/index.html]
[www.greenwellspringsfamilydentistry.com/specialty/same-day-dentistry/index.html]
[www.greenwellspringsfamilydentistry.com/specialty/tooth-extractions/index.html]
[www.greenwellspringsfamilydentistry.com/specialty/wisdom-teeth-removal/index.html]
[www.greenwellspringsfamilydentistry.com/specialty/family-dentistry/index.html]
[www.greenwellspringsfamilydentistry.com/specialty/preventive-dental-care/index.html]
[www.greenwellspringsfamilydentistry.com/specialty/restorative-dentistry/index.html]
[www.greenwellspringsfamilydentistry.com/specialty/cleanings-and-checkups/index.html]
[www.greenwellspringsfamilydentistry.com/specialty/dental-crowns/index.html]
[www.greenwellspringsfamilydentistry.com/specialty/dental-bridges/index.html]
[www.greenwellspringsfamilydentistry.com/specialty/tooth-colored-fillings/index.html]
[www.greenwellspringsfamilydentistry.com/discount-dental-plan/index.html]
[www.greenwellspringsfamilydentistry.com/first-visit/index.html]
[www.greenwellspringsfamilydentistry.com/new-patient-forms/index.html]
[www.greenwellspringsfamilydentistry.com/specials-offers/index.html]
[www.greenwellspringsfamilydentistry.com/blogs/index.html]
[www.greenwellspringsfamilydentistry.com/reviews/index.html]
[gp-assets-1.growthplug.com/cache/c2/40/c24034619fa191b746d490f0b981c321.jpg]
[www.greenwellspringsfamilydentistry.com/contact/index.html]
[gp-assets-1.growthplug.com/cache/98/28/98283d201d569c2aa00eb45475398ec7.jpg]
[gp-assets-1.growthplug.com/website_files/4327/69105678.jpg]
[gp-assets-1.growthplug.com/website_files/4327/gws_final.png]
[gp-assets-1.growthplug.com/website_files/4327/shutterstock_1562074480_1.jpg]
[gp-assets-1.growthplug.com/website_files/4327/bigstock-Dentist-Discussing-With-Laying-383947031-compressed.jpg]
[gp-assets-1.growthplug.com/website_files/4327/a2.jpg]
[gp-assets-1.growthplug.com/cache/90/90/90900deabb28f4097e46d6e53faeeac8.jpg]
[gp-assets-1.growthplug.com/cache/ba/cc/baccecd176a8f17505ceeaf1405e174c.jpg]
[gp-assets-1.growthplug.com/cache/7e/97/7e97c212db7a58fabc68c99afd13387e.jpg]
[gp-assets-1.growthplug.com/website_files/4327/2-1.jpg]
[www.greenwellspringsfamilydentistry.com/financial-information/index.html]
[use.fontawesome.com/4031d8bb50.js]
[cdn.jsdelivr.net/npm/node-forge@1.0.0/dist/forge.min.js]
[cdn.jsdelivr.net/npm/lozad/dist/lozad.min.js]
[gp-st-assets-1.growthplug.com/static/CACHE/js/output.af302a314304.js]
[gp-assets-1.growthplug.com/site_builder/wow_init.js]
[gp-assets-1.growthplug.com/site_builder/wow.min.js]
[gp-assets-1.growthplug.com/builder-assets/js-scripts/lazyImgObserver.js]
[gp-assets-1.growthplug.com/website_files/4327/Greenwell1.JS]
[static.elfsight.com/platform/platform.js]
[gp-assets-1.growthplug.com/website_files/4327/button-validation-green-college.js]
[growthplug-content.s3.amazonaws.com/builder-assets/js-scripts/hamburger-builder.js]
[growthplug-content.s3.amazonaws.com/builder-assets/js-scripts/builder_appointment.js]
[gp-assets-1.growthplug.com/builder-assets/js-scripts/volume-btn.js]
[gp-assets-1.growthplug.com/website_files/4327/Script.js]
[www.greenwellspringsfamilydentistry.com/index.html]
[www.googletagmanager.com/gtm5445.html]
[gp-assets-1.growthplug.com/logo/2019/10/02/logo.png]
[gp-assets-1.growthplug.com/website_files/3677/tumblr_static_bg4.jpg]
[gp-assets-1.growthplug.com/website_files/2018/05/15/review-bg.jpg]
[growthplug-content.s3.amazonaws.com/website_files/4327/home.css]
[gp-st-assets-1.growthplug.com/static/CACHE/css/output.6198abad841f.css]
[growthplug-content.s3.amazonaws.com/link_underline_override.css]
[cdnjs.cloudflare.com/ajax/libs/animate.css/4.1.1/animate.min.css]
[growthplug-content.s3.amazonaws.com/builder-assets/css-files/bootstrap-datepicker.min.css]
[www.greenwellspringsfamilydentistry.com/about-us/index.html]
[growthplug-content.s3.amazonaws.com/website_files/4327/about-us.css]
[growthplug-content.s3.amazonaws.com/website_files/4327/meet-our-team.css]
[gp-assets-1.growthplug.com/website_files/4327/Lr6PARpGfsmQrh1niwQLwByoKOF40aS6Pg.jpg]
[gp-assets-1.growthplug.com/website_files/4327/jrCc5pLs695qlfPz9K1kXY0N_uk_WOZDrg.jpg]
[www.greenwellspringsfamilydentistry.com/meet-our-team/index.html]
[growthplug-content.s3.amazonaws.com/website_files/4327/our-office.css]
[gp-assets-1.growthplug.com/website_files/4327/section-image-4.jpg]
[gp-assets-1.growthplug.com/website_files/4327/section-image-3.jpg]
[gp-assets-1.growthplug.com/website_files/4327/section-image-1.jpg]
[www.greenwellspringsfamilydentistry.com/our-office/index.html]
[growthplug-content.s3.amazonaws.com/website_files/4327/smile-gallery.css]
[gp-assets-1.growthplug.com/website_files/4327/Screenshot_20210424-100734_Photos.jpg]
[gp-assets-1.growthplug.com/website_files/4327/Screenshot_20210424-100741_Photos.jpg]
[gp-assets-1.growthplug.com/website_files/4327/Screenshot_20210424-100032_Invisalign_Photo_Uploader.jpg]
[gp-assets-1.growthplug.com/website_files/4327/Screenshot_20210424-100203_Invisalign_Photo_Uploader.jpg]
[gp-assets-1.growthplug.com/website_files/4327/Screenshot_20210424-095919_Invisalign_Photo_Uploader.jpg]
[www.greenwellspringsfamilydentistry.com/smile-gallery/index.html]
[growthplug-content.s3.amazonaws.com/website_files/4327/specialty/cosmetic-dentistry.css]
[www.greenwellspringsfamilydentistry.com/specialty/cosmetic-dentistry/index.html]
[www.greenwellspringsfamilydentistry.com/specialty/veneers/index.html]
[growthplug-content.s3.amazonaws.com/website_files/4327/specialty/veneers.css]
[www.greenwellspringsfamilydentistry.com/specialty/whitening-for-life/index.html]
[growthplug-content.s3.amazonaws.com/website_files/4327/specialty/whitening-for-life.css]
[www.greenwellspringsfamilydentistry.com/specialty/emergency-dentistry/index.html]
[growthplug-content.s3.amazonaws.com/website_files/4327/specialty/emergency-dentistry.css]
[www.greenwellspringsfamilydentistry.com/specialty/cracked-tooth-repair/index.html]
[growthplug-content.s3.amazonaws.com/website_files/4327/specialty/cracked-tooth-repair.css]
[www.greenwellspringsfamilydentistry.com/specialty/one-visit-root-canal-therapy/index.html]
[growthplug-content.s3.amazonaws.com/website_files/4327/specialty/one-visit-root-canal-therapy.css]
[www.greenwellspringsfamilydentistry.com/specialty/root-canals/index.html]
[growthplug-content.s3.amazonaws.com/website_files/4327/specialty/root-canals.css]
[www.greenwellspringsfamilydentistry.com/specialty/same-day-dentistry/index.html]
[growthplug-content.s3.amazonaws.com/website_files/4327/specialty/same-day-dentistry.css]
[www.greenwellspringsfamilydentistry.com/specialty/tooth-extractions/index.html]
[growthplug-content.s3.amazonaws.com/website_files/4327/specialty/tooth-extractions.css]
[www.greenwellspringsfamilydentistry.com/specialty/wisdom-teeth-removal/index.html]
[growthplug-content.s3.amazonaws.com/website_files/4327/specialty/wisdom-teeth-removal.css]
[www.greenwellspringsfamilydentistry.com/specialty/family-dentistry/index.html]
[growthplug-content.s3.amazonaws.com/website_files/4327/specialty/family-dentistry.css]
[www.greenwellspringsfamilydentistry.com/specialty/preventive-dental-care/index.html]
[growthplug-content.s3.amazonaws.com/website_files/4327/specialty/preventive-dental-care.css]
[www.greenwellspringsfamilydentistry.com/specialty/cleanings-and-checkups/index.html]
[growthplug-content.s3.amazonaws.com/website_files/4327/specialty/cleanings-and-checkups.css]
[www.greenwellspringsfamilydentistry.com/specialty/restorative-dentistry/index.html]
[growthplug-content.s3.amazonaws.com/website_files/4327/specialty/restorative-dentistry.css]
[www.greenwellspringsfamilydentistry.com/specialty/dental-crowns/index.html]
[growthplug-content.s3.amazonaws.com/website_files/4327/specialty/dental-crowns.css]
[www.greenwellspringsfamilydentistry.com/specialty/dental-bridges/index.html]
[growthplug-content.s3.amazonaws.com/website_files/4327/specialty/dental-bridges.css]
[www.greenwellspringsfamilydentistry.com/specialty/tooth-colored-fillings/index.html]
[growthplug-content.s3.amazonaws.com/website_files/4327/specialty/tooth-colored-fillings.css]
[www.greenwellspringsfamilydentistry.com/discount-dental-plan/index.html]
[growthplug-content.s3.amazonaws.com/website_files/4327/discount-dental-plan.css]
[www.greenwellspringsfamilydentistry.com/first-visit/index.html]
[growthplug-content.s3.amazonaws.com/website_files/4327/first-visit.css]
[www.greenwellspringsfamilydentistry.com/new-patient-forms/index.html]
[growthplug-content.s3.amazonaws.com/website_files/4327/new-patient-forms.css]
[www.greenwellspringsfamilydentistry.com/specials-offers/index.html]
[growthplug-content.s3.amazonaws.com/website_files/4327/specials-offers.css]
[growthplug-content.s3.amazonaws.com/website_files/4327/blogs.css]
[gp-assets-1.growthplug.com/website_files/4327/wisdom-teeth-extraction-procedure-in-central-la.jpg]
[www.greenwellspringsfamilydentistry.com/blog/the-dos-and-donts-of-recovering-from-wisdom-teeth-extraction/index.html]
[gp-assets-1.growthplug.com/website_files/4327/abscessed-tooth-in-central-la.jpg]
[www.greenwellspringsfamilydentistry.com/blog/dont-let-an-abscessed-tooth-ruin-your-day-effective-treatment-options/index.html]
[gp-assets-1.growthplug.com/website_files/4327/dental-problems-in-central-la.jpg]
[www.greenwellspringsfamilydentistry.com/blog/dealing-with-toothaches-cavities-gum-disease-and-bad-breath-solutions-for-common-dental-problems/index.html]
[gp-assets-1.growthplug.com/website_files/4327/bigstock-Joyous-Patient-Of-Dental-Clini-413027281_FquOgKs.jpg]
[www.greenwellspringsfamilydentistry.com/blog/root-canal-therapy-dispelling-myths-and-embracing-the-path-to-dental-wellness/index.html]
[gp-assets-1.growthplug.com/website_files/4327/bigstock-Close-Up-Of-A-Dental-Specialis-462749389.jpg]
[www.greenwellspringsfamilydentistry.com/blog/how-a-wisdom-tooth-extraction-is-done/index.html]
[gp-assets-1.growthplug.com/website_files/4327/bigstock-Studio-Portrait-Of-Sick-Man-Wi-466291701.jpg]
[www.greenwellspringsfamilydentistry.com/blog/what-can-cause-a-toothache/index.html]
[gp-assets-1.growthplug.com/website_files/4327/bigstock-Obturation-Of-Root-Canals-Duri-363377617.jpg]
[www.greenwellspringsfamilydentistry.com/blog/can-a-root-canal-procedure-save-my-tooth/index.html]
[gp-assets-1.growthplug.com/website_files/4327/bigstock-Top-View-Happy-Smiling-Redhead-469935875.jpg]
[www.greenwellspringsfamilydentistry.com/blog/good-oral-health-begins-at-home/index.html]
[gp-assets-1.growthplug.com/website_files/4327/bigstock-Diabetes-Text-On-White-Paper-I-473828683.jpg]
[www.greenwellspringsfamilydentistry.com/blog/impact-of-diabetes-on-oral-health/index.html]
[gp-assets-1.growthplug.com/website_files/4327/bigstock-Baby-Newborn-Son-Is--month-ol-468658875.jpg]
[www.greenwellspringsfamilydentistry.com/blog/preventing-baby-bottle-tooth-decay-expert-advice-from-pediatric-dentists-13/index.html]
[gp-assets-1.growthplug.com/website_files/4327/bigstock-Migraine-Side-View-Of-Unhappy-460089439_kdIxM5A.jpg]
[www.greenwellspringsfamilydentistry.com/blog/can-stress-affect-oral-health/index.html]
[gp-assets-1.growthplug.com/website_files/4327/bigstock-Gingival-Inflammation-And-Dent-370465579.jpg]
[www.greenwellspringsfamilydentistry.com/blog/risk-factors-for-gum-disease/index.html]
[gp-assets-1.growthplug.com/website_files/4327/bigstock-Amazed-Young-Woman-With-Mouth--440991950.jpg]
[www.greenwellspringsfamilydentistry.com/blog/simple-tricks-for-overcoming-dental-anxiety-forever/index.html]
[www.greenwellspringsfamilydentistry.com/blog/bad-habits-that-can-affect-your-smile/index.html]
[gp-assets-1.growthplug.com/website_files/4327/bigstock-Adorable-Girl-Whit-Toothache-4121670.jpg]
[gp-assets-1.growthplug.com/website_files/4327/pexels-julia-larson-6113578.jpg]
[www.greenwellspringsfamilydentistry.com/blog/how-to-care-for-your-teeth-during-holidays-1/index.html]
[gp-assets-1.growthplug.com/website_files/4327/bigstock-Migraine-Side-View-Of-Unhappy-460089439.jpg]
[www.greenwellspringsfamilydentistry.com/blog/main-symptoms-of-sleep-apnea/index.html]
[gp-assets-1.growthplug.com/website_files/4327/shutterstock_1639984429.jpg]
[www.greenwellspringsfamilydentistry.com/blog/what-are-the-causes-of-bad-breath/index.html]
[growthplug-content.s3.amazonaws.com/builder-assets/js-scripts/blog.js]
[www.greenwellspringsfamilydentistry.com/blogs/index.html]
[growthplug-content.s3.amazonaws.com/website_files/4327/reviews.css]
[gp-assets-1.growthplug.com/website_files/4327/a2_8WJANNQ.jpg]
[growthplug-content.s3.amazonaws.com/builder-assets/js-scripts/post_review.js]
[growthplug-content.s3.amazonaws.com/builder-assets/js-scripts/star-rating.min.js]
[growthplug-content.s3.amazonaws.com/builder-assets/js-scripts/filter_reviews.js]
[www.greenwellspringsfamilydentistry.com/reviews/index.html]
[growthplug-content.s3.amazonaws.com/website_files/4327/contact.css]
[growthplug-content.s3.amazonaws.com/builder-assets/js-scripts/contactv1.js]
[www.greenwellspringsfamilydentistry.com/contact/index.html]
[www.greenwellspringsfamilydentistry.com/[object Object]/index.html]
[gp-assets-1.growthplug.com/website_files/2021/01/18/dir.png]
[gp-st-assets-1.growthplug.com/static/CACHE/css/output.9db872391e0e.css]
[www.greenwellspringsfamilydentistry.com/meet-our-doctor/index.html]
[gp-st-assets-1.growthplug.com/static/CACHE/js/output.2451649beaa6.js]
[www.greenwellspringsfamilydentistry.com/patient-specials/index.html]
[gp-assets-1.growthplug.com/website_files/4327/greenwell-script-01.js]
[gp-assets-1.growthplug.com/website_files/4327/greenwell-style-03.js]
[www.greenwellspringsfamilydentistry.com/financial-information/index.html]
[growthplug-content.s3.amazonaws.com/site_builder/light_gallery.js]
[gp-st-assets-1.growthplug.com/static/pages/img/vimeo-play.png]
[gp-st-assets-1.growthplug.com/static/pages/img/video-play.png]
[gp-st-assets-1.growthplug.com/static/pages/img/youtube-play.png]
[gp-st-assets-1.growthplug.com/static/pages/img/loading.gif]
[gp-st-assets-1.growthplug.com/static/pages/css/owl.video.play.png]
[growthplug-content.s3.amazonaws.com/website_files/4327/about-us.css]
[growthplug-content.s3.amazonaws.com/website_files/4327/meet-our-team.css]
[growthplug-content.s3.amazonaws.com/website_files/4327/our-office.css]
[growthplug-content.s3.amazonaws.com/website_files/4327/smile-gallery.css]
[growthplug-content.s3.amazonaws.com/website_files/4327/specialty/cosmetic-dentistry.css]
[growthplug-content.s3.amazonaws.com/website_files/4327/specialty/veneers.css]
[growthplug-content.s3.amazonaws.com/website_files/4327/specialty/whitening-for-life.css]
[growthplug-content.s3.amazonaws.com/website_files/4327/specialty/emergency-dentistry.css]
[growthplug-content.s3.amazonaws.com/website_files/4327/specialty/cracked-tooth-repair.css]
[growthplug-content.s3.amazonaws.com/website_files/4327/specialty/one-visit-root-canal-therapy.css]
[growthplug-content.s3.amazonaws.com/website_files/4327/specialty/root-canals.css]
[growthplug-content.s3.amazonaws.com/website_files/4327/specialty/same-day-dentistry.css]
[growthplug-content.s3.amazonaws.com/website_files/4327/specialty/tooth-extractions.css]
[growthplug-content.s3.amazonaws.com/website_files/4327/specialty/wisdom-teeth-removal.css]
[growthplug-content.s3.amazonaws.com/website_files/4327/specialty/family-dentistry.css]
[growthplug-content.s3.amazonaws.com/website_files/4327/specialty/preventive-dental-care.css]
[growthplug-content.s3.amazonaws.com/website_files/4327/specialty/cleanings-and-checkups.css]
[growthplug-content.s3.amazonaws.com/website_files/4327/specialty/restorative-dentistry.css]
[growthplug-content.s3.amazonaws.com/website_files/4327/specialty/dental-crowns.css]
[growthplug-content.s3.amazonaws.com/website_files/4327/specialty/dental-bridges.css]
[growthplug-content.s3.amazonaws.com/website_files/4327/specialty/tooth-colored-fillings.css]
[growthplug-content.s3.amazonaws.com/website_files/4327/discount-dental-plan.css]
[growthplug-content.s3.amazonaws.com/website_files/4327/first-visit.css]
[growthplug-content.s3.amazonaws.com/website_files/4327/new-patient-forms.css]
[growthplug-content.s3.amazonaws.com/website_files/4327/specials-offers.css]
[growthplug-content.s3.amazonaws.com/website_files/4327/blogs.css]
[www.greenwellspringsfamilydentistry.com/blog/the-dos-and-donts-of-recovering-from-wisdom-teeth-extraction/index.html]
[growthplug-content.s3.amazonaws.com/website_files/4327/blog/the-dos-and-donts-of-recovering-from-wisdom-teeth-extraction.css]
[www.greenwellspringsfamilydentistry.com/blog/dont-let-an-abscessed-tooth-ruin-your-day-effective-treatment-options/index.html]
[growthplug-content.s3.amazonaws.com/website_files/4327/blog/dont-let-an-abscessed-tooth-ruin-your-day-effective-treatment-options.css]
[www.greenwellspringsfamilydentistry.com/blog/dealing-with-toothaches-cavities-gum-disease-and-bad-breath-solutions-for-common-dental-problems/index.html]
[growthplug-content.s3.amazonaws.com/website_files/4327/blog/dealing-with-toothaches-cavities-gum-disease-and-bad-breath-solutions-for-common-dental-problems.css]
[www.greenwellspringsfamilydentistry.com/blog/root-canal-therapy-dispelling-myths-and-embracing-the-path-to-dental-wellness/index.html]
[growthplug-content.s3.amazonaws.com/website_files/4327/blog/root-canal-therapy-dispelling-myths-and-embracing-the-path-to-dental-wellness.css]
[www.greenwellspringsfamilydentistry.com/blog/how-a-wisdom-tooth-extraction-is-done/index.html]
[growthplug-content.s3.amazonaws.com/website_files/4327/blog/how-a-wisdom-tooth-extraction-is-done.css]
[www.greenwellspringsfamilydentistry.com/blog/what-can-cause-a-toothache/index.html]
[growthplug-content.s3.amazonaws.com/website_files/4327/blog/what-can-cause-a-toothache.css]
[www.greenwellspringsfamilydentistry.com/blog/can-a-root-canal-procedure-save-my-tooth/index.html]
[growthplug-content.s3.amazonaws.com/website_files/4327/blog/can-a-root-canal-procedure-save-my-tooth.css]
[www.greenwellspringsfamilydentistry.com/blog/good-oral-health-begins-at-home/index.html]
[growthplug-content.s3.amazonaws.com/website_files/4327/blog/good-oral-health-begins-at-home.css]
[www.greenwellspringsfamilydentistry.com/blog/impact-of-diabetes-on-oral-health/index.html]
[growthplug-content.s3.amazonaws.com/website_files/4327/blog/impact-of-diabetes-on-oral-health.css]
[www.greenwellspringsfamilydentistry.com/blog/preventing-baby-bottle-tooth-decay-expert-advice-from-pediatric-dentists-13/index.html]
[growthplug-content.s3.amazonaws.com/website_files/4327/blog/preventing-baby-bottle-tooth-decay-expert-advice-from-pediatric-dentists-13.css]
[www.greenwellspringsfamilydentistry.com/blog/can-stress-affect-oral-health/index.html]
[growthplug-content.s3.amazonaws.com/website_files/4327/blog/can-stress-affect-oral-health.css]
[www.greenwellspringsfamilydentistry.com/blog/risk-factors-for-gum-disease/index.html]
[growthplug-content.s3.amazonaws.com/website_files/4327/blog/risk-factors-for-gum-disease.css]
[www.greenwellspringsfamilydentistry.com/blog/simple-tricks-for-overcoming-dental-anxiety-forever/index.html]
[growthplug-content.s3.amazonaws.com/website_files/4327/blog/simple-tricks-for-overcoming-dental-anxiety-forever.css]
[www.greenwellspringsfamilydentistry.com/blog/bad-habits-that-can-affect-your-smile/index.html]
[growthplug-content.s3.amazonaws.com/website_files/4327/blog/bad-habits-that-can-affect-your-smile.css]
[www.greenwellspringsfamilydentistry.com/blog/how-to-care-for-your-teeth-during-holidays-1/index.html]
[growthplug-content.s3.amazonaws.com/website_files/4327/blog/how-to-care-for-your-teeth-during-holidays-1.css]
[www.greenwellspringsfamilydentistry.com/blog/main-symptoms-of-sleep-apnea/index.html]
[growthplug-content.s3.amazonaws.com/website_files/4327/blog/main-symptoms-of-sleep-apnea.css]
[www.greenwellspringsfamilydentistry.com/blog/what-are-the-causes-of-bad-breath/index.html]
[www.greenwellspringsfamilydentistry.com/blogs/${backgroundImage}/index.html]
[www.greenwellspringsfamilydentistry.com/blogs/${background}/index.html]
[growthplug-content.s3.amazonaws.com/website_files/4327/reviews.css]
[growthplug-content.s3.amazonaws.com/website_files/4327/blog/what-are-the-causes-of-bad-breath.css]
[growthplug-content.s3.amazonaws.com/builder-assets/css-files/rating.css]
[www.greenwellspringsfamilydentistry.com/reviews/[object Object]/index.html]
[www.greenwellspringsfamilydentistry.com/reviews/${backgroundImage}/index.html]
[www.greenwellspringsfamilydentistry.com/reviews/${background}/index.html]
[growthplug-content.s3.amazonaws.com/builder-assets/js-scripts/post_review_form_validation.js]
[growthplug-content.s3.amazonaws.com/website_files/4327/contact.css]
[www.greenwellspringsfamilydentistry.com/contact/[object Object]/index.html]
[gp-st-assets-1.growthplug.com/static/CACHE/css/output.9db872391e0e.css]
[www.greenwellspringsfamilydentistry.com/financial-information/null/index.html]
[gp-st-assets-1.growthplug.com/static/CACHE/css/output.13a0f26d8d3d.css]
[www.greenwellspringsfamilydentistry.com/meet-our-doctor/index.html]
[gp-st-assets-1.growthplug.com/static/CACHE/js/output.9d34c5007b5f.js]
[www.greenwellspringsfamilydentistry.com/patient-specials/index.html]
[growthplug-content.s3.amazonaws.com/website_files/4327/blog/the-dos-and-donts-of-recovering-from-wisdom-teeth-extraction.css]
[growthplug-content.s3.amazonaws.com/website_files/4327/blog/dont-let-an-abscessed-tooth-ruin-your-day-effective-treatment-options.css]
[growthplug-content.s3.amazonaws.com/website_files/4327/blog/dealing-with-toothaches-cavities-gum-disease-and-bad-breath-solutions-for-common-dental-problems.css]
[growthplug-content.s3.amazonaws.com/website_files/4327/blog/root-canal-therapy-dispelling-myths-and-embracing-the-path-to-dental-wellness.css]
[growthplug-content.s3.amazonaws.com/website_files/4327/blog/how-a-wisdom-tooth-extraction-is-done.css]
[growthplug-content.s3.amazonaws.com/website_files/4327/patient-specials.css]
[growthplug-content.s3.amazonaws.com/website_files/4327/blog/what-can-cause-a-toothache.css]
[growthplug-content.s3.amazonaws.com/website_files/4327/blog/can-a-root-canal-procedure-save-my-tooth.css]
[growthplug-content.s3.amazonaws.com/website_files/4327/blog/good-oral-health-begins-at-home.css]
[growthplug-content.s3.amazonaws.com/website_files/4327/blog/impact-of-diabetes-on-oral-health.css]
[growthplug-content.s3.amazonaws.com/website_files/4327/blog/preventing-baby-bottle-tooth-decay-expert-advice-from-pediatric-dentists-13.css]
[growthplug-content.s3.amazonaws.com/website_files/4327/blog/can-stress-affect-oral-health.css]
[growthplug-content.s3.amazonaws.com/website_files/4327/blog/risk-factors-for-gum-disease.css]
[growthplug-content.s3.amazonaws.com/website_files/4327/blog/simple-tricks-for-overcoming-dental-anxiety-forever.css]
[growthplug-content.s3.amazonaws.com/website_files/4327/blog/bad-habits-that-can-affect-your-smile.css]
[growthplug-content.s3.amazonaws.com/website_files/4327/blog/how-to-care-for-your-teeth-during-holidays-1.css]
[growthplug-content.s3.amazonaws.com/website_files/4327/blog/main-symptoms-of-sleep-apnea.css]
[growthplug-content.s3.amazonaws.com/website_files/4327/blog/what-are-the-causes-of-bad-breath.css]
[growthplug-content.s3.amazonaws.com/builder-assets/img/loading.gif]
[gp-st-assets-1.growthplug.com/static/CACHE/css/output.13a0f26d8d3d.css]
[www.greenwellspringsfamilydentistry.com/meet-our-doctor/null/index.html]
[growthplug-content.s3.amazonaws.com/website_files/4327/patient-specials.css]
